{"parse":{"title":"List of The Rising of the Shield Hero volumes","pageid":59442323,"sections":[{"toclevel":1,"level":"2","line":"Light novel","number":"1","index":"1","fromtitle":"List_of_The_Rising_of_the_Shield_Hero_volumes","byteoffset":2070,"anchor":"Light_novel","linkAnchor":"Light_novel"},{"toclevel":2,"level":"3","line":"<i>The Rising of the Shield Hero</i>","number":"1.1","index":"2","fromtitle":"List_of_The_Rising_of_the_Shield_Hero_volumes","byteoffset":2088,"anchor":"The_Rising_of_the_Shield_Hero","linkAnchor":"The_Rising_of_the_Shield_Hero"},{"toclevel":2,"level":"3","line":"<i>Limited Edition The Rising of the Shield Hero Season 1 Light Novel</i>","number":"1.2","index":"3","fromtitle":"List_of_The_Rising_of_the_Shield_Hero_volumes","byteoffset":31194,"anchor":"Limited_Edition_The_Rising_of_the_Shield_Hero_Season_1_Light_Novel","linkAnchor":"Limited_Edition_The_Rising_of_the_Shield_Hero_Season_1_Light_Novel"},{"toclevel":2,"level":"3","line":"<i>The Reprise of the Spear Hero</i>","number":"1.3","index":"4","fromtitle":"List_of_The_Rising_of_the_Shield_Hero_volumes","byteoffset":32963,"anchor":"The_Reprise_of_the_Spear_Hero","linkAnchor":"The_Reprise_of_the_Spear_Hero"},{"toclevel":1,"level":"2","line":"Manga","number":"2","index":"5","fromtitle":"List_of_The_Rising_of_the_Shield_Hero_volumes","byteoffset":37776,"anchor":"Manga","linkAnchor":"Manga"},{"toclevel":2,"level":"3","line":"<i>The Rising of the Shield Hero</i>","number":"2.1","index":"6","fromtitle":"List_of_The_Rising_of_the_Shield_Hero_volumes","byteoffset":37788,"anchor":"The_Rising_of_the_Shield_Hero_2","linkAnchor":"The_Rising_of_the_Shield_Hero_2"},{"toclevel":3,"level":"4","line":"Chapters not yet in <i>tank\u014dbon</i> format","number":"2.1.1","index":"7","fromtitle":"List_of_The_Rising_of_the_Shield_Hero_volumes","byteoffset":61304,"anchor":"Chapters_not_yet_in_tank\u014dbon_format","linkAnchor":"Chapters_not_yet_in_tank\u014dbon_format"},{"toclevel":2,"level":"3","line":"<i>The Reprise of the Spear Hero</i>","number":"2.2","index":"8","fromtitle":"List_of_The_Rising_of_the_Shield_Hero_volumes","byteoffset":61544,"anchor":"The_Reprise_of_the_Spear_Hero_2","linkAnchor":"The_Reprise_of_the_Spear_Hero_2"},{"toclevel":2,"level":"3","line":"<i>Tate no Y\u016bsha no to aru Ichi Nichi</i>","number":"2.3","index":"9","fromtitle":"List_of_The_Rising_of_the_Shield_Hero_volumes","byteoffset":68194,"anchor":"Tate_no_Y\u016bsha_no_to_aru_Ichi_Nichi","linkAnchor":"Tate_no_Y\u016bsha_no_to_aru_Ichi_Nichi"},{"toclevel":2,"level":"3","line":"<i>Tate no Y\u016bsha no Oshinagaki</i>","number":"2.4","index":"10","fromtitle":"List_of_The_Rising_of_the_Shield_Hero_volumes","byteoffset":69890,"anchor":"Tate_no_Y\u016bsha_no_Oshinagaki","linkAnchor":"Tate_no_Y\u016bsha_no_Oshinagaki"},{"toclevel":1,"level":"2","line":"References","number":"3","index":"11","fromtitle":"List_of_The_Rising_of_the_Shield_Hero_volumes","byteoffset":73463,"anchor":"References","linkAnchor":"References"},{"toclevel":1,"level":"2","line":"External links","number":"4","index":"12","fromtitle":"List_of_The_Rising_of_the_Shield_Hero_volumes","byteoffset":73493,"anchor":"External_links","linkAnchor":"External_links"}],"showtoc":""}}