{"parse":{"title":"Rokka: Braves of the Six Flowers","pageid":44445168,"sections":[{"toclevel":1,"level":"2","line":"Plot","number":"1","index":"1","fromtitle":"Rokka:_Braves_of_the_Six_Flowers","byteoffset":2810,"anchor":"Plot","linkAnchor":"Plot"},{"toclevel":1,"level":"2","line":"Characters","number":"2","index":"2","fromtitle":"Rokka:_Braves_of_the_Six_Flowers","byteoffset":3248,"anchor":"Characters","linkAnchor":"Characters"},{"toclevel":2,"level":"3","line":"Braves","number":"2.1","index":"3","fromtitle":"Rokka:_Braves_of_the_Six_Flowers","byteoffset":3264,"anchor":"Braves","linkAnchor":"Braves"},{"toclevel":2,"level":"3","line":"Ky\u014dma","number":"2.2","index":"4","fromtitle":"Rokka:_Braves_of_the_Six_Flowers","byteoffset":9600,"anchor":"Ky\u014dma","linkAnchor":"Ky\u014dma"},{"toclevel":1,"level":"2","line":"Media","number":"3","index":"5","fromtitle":"Rokka:_Braves_of_the_Six_Flowers","byteoffset":10228,"anchor":"Media","linkAnchor":"Media"},{"toclevel":2,"level":"3","line":"Light novels","number":"3.1","index":"6","fromtitle":"Rokka:_Braves_of_the_Six_Flowers","byteoffset":10238,"anchor":"Light_novels","linkAnchor":"Light_novels"},{"toclevel":2,"level":"3","line":"Manga","number":"3.2","index":"7","fromtitle":"Rokka:_Braves_of_the_Six_Flowers","byteoffset":16991,"anchor":"Manga","linkAnchor":"Manga"},{"toclevel":2,"level":"3","line":"Anime","number":"3.3","index":"8","fromtitle":"Rokka:_Braves_of_the_Six_Flowers","byteoffset":21694,"anchor":"Anime","linkAnchor":"Anime"},{"toclevel":1,"level":"2","line":"Reception","number":"4","index":"9","fromtitle":"Rokka:_Braves_of_the_Six_Flowers","byteoffset":42567,"anchor":"Reception","linkAnchor":"Reception"},{"toclevel":1,"level":"2","line":"Notes","number":"5","index":"10","fromtitle":"Rokka:_Braves_of_the_Six_Flowers","byteoffset":43315,"anchor":"Notes","linkAnchor":"Notes"},{"toclevel":1,"level":"2","line":"References","number":"6","index":"11","fromtitle":"Rokka:_Braves_of_the_Six_Flowers","byteoffset":43339,"anchor":"References","linkAnchor":"References"},{"toclevel":1,"level":"2","line":"External links","number":"7","index":"12","fromtitle":"Rokka:_Braves_of_the_Six_Flowers","byteoffset":43372,"anchor":"External_links","linkAnchor":"External_links"}],"showtoc":""}}